// Jest Snapshot v1, https://goo.gl/fbAQLP

exports[`Nicklist component should render correctly 1`] = `
ShallowWrapper {
  Symbol(enzyme.__root__): [Circular],
  Symbol(enzyme.__unrendered__): <Unknown
    users={
      Array [
        Object {
          "host": "host1",
          "nick": "nick1",
          "user": "user1",
        },
        Object {
          "host": "host2",
          "nick": "nick2",
          "user": "user2",
        },
        Object {
          "host": "host3",
          "nick": "nick3",
          "user": "user3",
        },
      ]
    }
  />,
  Symbol(enzyme.__renderer__): Object {
    "batchedUpdates": [Function],
    "getNode": [Function],
    "render": [Function],
    "simulateError": [Function],
    "simulateEvent": [Function],
    "unmount": [Function],
  },
  Symbol(enzyme.__node__): Object {
    "instance": null,
    "key": undefined,
    "nodeType": "class",
    "props": Object {
      "children": Array [
        <styled.li>
          nick1
        </styled.li>,
        <styled.li>
          nick2
        </styled.li>,
        <styled.li>
          nick3
        </styled.li>,
      ],
    },
    "ref": null,
    "rendered": Array [
      Object {
        "instance": null,
        "key": "nick1",
        "nodeType": "class",
        "props": Object {
          "children": "nick1",
        },
        "ref": null,
        "rendered": "nick1",
        "type": [Function],
      },
      Object {
        "instance": null,
        "key": "nick2",
        "nodeType": "class",
        "props": Object {
          "children": "nick2",
        },
        "ref": null,
        "rendered": "nick2",
        "type": [Function],
      },
      Object {
        "instance": null,
        "key": "nick3",
        "nodeType": "class",
        "props": Object {
          "children": "nick3",
        },
        "ref": null,
        "rendered": "nick3",
        "type": [Function],
      },
    ],
    "type": [Function],
  },
  Symbol(enzyme.__nodes__): Array [
    Object {
      "instance": null,
      "key": undefined,
      "nodeType": "class",
      "props": Object {
        "children": Array [
          <styled.li>
            nick1
          </styled.li>,
          <styled.li>
            nick2
          </styled.li>,
          <styled.li>
            nick3
          </styled.li>,
        ],
      },
      "ref": null,
      "rendered": Array [
        Object {
          "instance": null,
          "key": "nick1",
          "nodeType": "class",
          "props": Object {
            "children": "nick1",
          },
          "ref": null,
          "rendered": "nick1",
          "type": [Function],
        },
        Object {
          "instance": null,
          "key": "nick2",
          "nodeType": "class",
          "props": Object {
            "children": "nick2",
          },
          "ref": null,
          "rendered": "nick2",
          "type": [Function],
        },
        Object {
          "instance": null,
          "key": "nick3",
          "nodeType": "class",
          "props": Object {
            "children": "nick3",
          },
          "ref": null,
          "rendered": "nick3",
          "type": [Function],
        },
      ],
      "type": [Function],
    },
  ],
  Symbol(enzyme.__options__): Object {
    "adapter": ReactSixteenAdapter {
      "options": Object {
        "enableComponentDidUpdateOnSetState": true,
        "lifecycles": Object {
          "componentDidUpdate": Object {
            "onSetState": true,
          },
          "getDerivedStateFromProps": true,
          "getSnapshotBeforeUpdate": true,
          "setState": Object {
            "skipsComponentDidUpdateOnNullish": true,
          },
        },
      },
    },
    "attachTo": undefined,
    "hydrateIn": undefined,
  },
}
`;
