// Jest Snapshot v1, https://goo.gl/fbAQLP

exports[`reduce server state should broadcast to active buffer 1`] = `
Object {
  "buffers": Object {
    "#channel": Object {
      "activity": false,
      "input": Object {
        "dirtyValue": "",
        "history": Object {
          "index": 0,
          "values": Array [],
        },
        "value": "",
      },
      "messages": Array [],
    },
    "@raw": Object {
      "activity": false,
      "input": Object {
        "dirtyValue": "",
        "history": Object {
          "index": 0,
          "values": Array [],
        },
        "value": "",
      },
      "messages": Array [],
    },
    "@status": Object {
      "activity": false,
      "input": Object {
        "dirtyValue": "",
        "history": Object {
          "index": 0,
          "values": Array [],
        },
        "value": "",
      },
      "messages": Array [],
    },
  },
  "lag": 0,
  "modes": Object {
    "available": Object {
      "channel": Array [],
      "user": Array [],
    },
    "user": Array [],
  },
  "name": "<unknown>",
  "user": Object {
    "nick": "me",
    "real": "Realname",
    "user": "user",
  },
}
`;

exports[`reduce server state should broadcast to all buffers 1`] = `
Object {
  "buffers": Object {
    "#channel": Object {
      "activity": false,
      "input": Object {
        "dirtyValue": "",
        "history": Object {
          "index": 0,
          "values": Array [],
        },
        "value": "",
      },
      "messages": Array [],
    },
    "@raw": Object {
      "activity": false,
      "input": Object {
        "dirtyValue": "",
        "history": Object {
          "index": 0,
          "values": Array [],
        },
        "value": "",
      },
      "messages": Array [],
    },
    "@status": Object {
      "activity": false,
      "input": Object {
        "dirtyValue": "",
        "history": Object {
          "index": 0,
          "values": Array [],
        },
        "value": "",
      },
      "messages": Array [],
    },
  },
  "lag": 0,
  "modes": Object {
    "available": Object {
      "channel": Array [],
      "user": Array [],
    },
    "user": Array [],
  },
  "name": "<unknown>",
  "user": Object {
    "nick": "me",
    "real": "Realname",
    "user": "user",
  },
}
`;

exports[`reduce server state should handle CLOSE_WINDOW on channel 1`] = `
Object {
  "buffers": Object {
    "@raw": Object {
      "activity": false,
      "input": Object {
        "dirtyValue": "",
        "history": Object {
          "index": 0,
          "values": Array [],
        },
        "value": "",
      },
      "messages": Array [],
    },
    "@status": Object {
      "activity": false,
      "input": Object {
        "dirtyValue": "",
        "history": Object {
          "index": 0,
          "values": Array [],
        },
        "value": "",
      },
      "messages": Array [],
    },
  },
  "lag": 0,
  "modes": Object {
    "available": Object {
      "channel": Array [],
      "user": Array [],
    },
    "user": Array [],
  },
  "name": "<unknown>",
  "user": Object {
    "nick": "me",
    "real": "Realname",
    "user": "user",
  },
}
`;

exports[`reduce server state should handle CLOSE_WINDOW on private 1`] = `
Object {
  "buffers": Object {
    "#channel": Object {
      "activity": false,
      "input": Object {
        "dirtyValue": "",
        "history": Object {
          "index": 0,
          "values": Array [],
        },
        "value": "",
      },
      "messages": Array [],
    },
    "@raw": Object {
      "activity": false,
      "input": Object {
        "dirtyValue": "",
        "history": Object {
          "index": 0,
          "values": Array [],
        },
        "value": "",
      },
      "messages": Array [],
    },
    "@status": Object {
      "activity": false,
      "input": Object {
        "dirtyValue": "",
        "history": Object {
          "index": 0,
          "values": Array [],
        },
        "value": "",
      },
      "messages": Array [],
    },
  },
  "lag": 0,
  "modes": Object {
    "available": Object {
      "channel": Array [],
      "user": Array [],
    },
    "user": Array [],
  },
  "name": "<unknown>",
  "user": Object {
    "nick": "me",
    "real": "Realname",
    "user": "user",
  },
}
`;

exports[`reduce server state should handle CLOSE_WINDOW on status 1`] = `
Object {
  "buffers": Object {
    "@raw": Object {
      "activity": false,
      "input": Object {
        "dirtyValue": "",
        "history": Object {
          "index": 0,
          "values": Array [],
        },
        "value": "",
      },
      "messages": Array [],
    },
    "@status": Object {
      "activity": false,
      "input": Object {
        "dirtyValue": "",
        "history": Object {
          "index": 0,
          "values": Array [],
        },
        "value": "",
      },
      "messages": Array [],
    },
  },
  "lag": 0,
  "modes": Object {
    "available": Object {
      "channel": Array [],
      "user": Array [],
    },
    "user": Array [],
  },
  "name": "<unknown>",
  "user": Object {
    "nick": "me",
    "real": "Realname",
    "user": "user",
  },
}
`;

exports[`reduce server state should handle RECEIVE_PONG_FROM_SERVER 1`] = `
Object {
  "buffers": Object {
    "#channel": Object {
      "activity": false,
      "input": Object {
        "dirtyValue": "",
        "history": Object {
          "index": 0,
          "values": Array [],
        },
        "value": "",
      },
      "messages": Array [],
    },
    "@raw": Object {
      "activity": false,
      "input": Object {
        "dirtyValue": "",
        "history": Object {
          "index": 0,
          "values": Array [],
        },
        "value": "",
      },
      "messages": Array [],
    },
    "@status": Object {
      "activity": false,
      "input": Object {
        "dirtyValue": "",
        "history": Object {
          "index": 0,
          "values": Array [],
        },
        "value": "",
      },
      "messages": Array [
        "Response from server key in -1 ms",
      ],
    },
  },
  "lag": -1,
  "modes": Object {
    "available": Object {
      "channel": Array [],
      "user": Array [],
    },
    "user": Array [],
  },
  "name": "<unknown>",
  "user": Object {
    "nick": "me",
    "real": "Realname",
    "user": "user",
  },
}
`;

exports[`reduce server state should handle RECEIVE_RPL_MYINFO 1`] = `
Object {
  "buffers": Object {
    "#channel": Object {
      "activity": false,
      "input": Object {
        "dirtyValue": "",
        "history": Object {
          "index": 0,
          "values": Array [],
        },
        "value": "",
      },
      "messages": Array [],
    },
    "@raw": Object {
      "activity": false,
      "input": Object {
        "dirtyValue": "",
        "history": Object {
          "index": 0,
          "values": Array [],
        },
        "value": "",
      },
      "messages": Array [],
    },
    "@status": Object {
      "activity": false,
      "input": Object {
        "dirtyValue": "",
        "history": Object {
          "index": 0,
          "values": Array [],
        },
        "value": "",
      },
      "messages": Array [],
    },
  },
  "lag": 0,
  "modes": Object {
    "available": Object {
      "channel": Array [
        "a",
        "v",
        "a",
        "i",
        "l",
        "a",
        "b",
        "l",
        "e",
        "_",
        "c",
        "h",
        "a",
        "n",
        "n",
        "e",
        "l",
        "_",
        "m",
        "o",
        "d",
        "e",
        "s",
      ],
      "user": Array [
        "a",
        "v",
        "a",
        "i",
        "l",
        "a",
        "b",
        "l",
        "e",
        "_",
        "u",
        "s",
        "e",
        "r",
        "_",
        "m",
        "o",
        "d",
        "e",
        "s",
      ],
    },
    "user": Array [],
  },
  "name": "?",
  "user": Object {
    "nick": "me",
    "real": "Realname",
    "user": "user",
  },
}
`;

exports[`reduce server state should not broadcast 1`] = `
Object {
  "buffers": Object {
    "#channel": Object {
      "activity": false,
      "input": Object {
        "dirtyValue": "",
        "history": Object {
          "index": 0,
          "values": Array [],
        },
        "value": "",
      },
      "messages": Array [],
    },
    "@raw": Object {
      "activity": false,
      "input": Object {
        "dirtyValue": "",
        "history": Object {
          "index": 0,
          "values": Array [],
        },
        "value": "",
      },
      "messages": Array [],
    },
    "@status": Object {
      "activity": false,
      "input": Object {
        "dirtyValue": "",
        "history": Object {
          "index": 0,
          "values": Array [],
        },
        "value": "",
      },
      "messages": Array [],
    },
  },
  "lag": 0,
  "modes": Object {
    "available": Object {
      "channel": Array [],
      "user": Array [],
    },
    "user": Array [],
  },
  "name": "<unknown>",
  "user": Object {
    "nick": "me",
    "real": "Realname",
    "user": "user",
  },
}
`;

exports[`reduce server state should not handle anything 1`] = `
Object {
  "buffers": Object {
    "@raw": Object {
      "activity": false,
      "input": Object {
        "dirtyValue": "",
        "history": Object {
          "index": 0,
          "values": Array [],
        },
        "value": "",
      },
      "messages": Array [],
    },
    "@status": Object {
      "activity": false,
      "input": Object {
        "dirtyValue": "",
        "history": Object {
          "index": 0,
          "values": Array [],
        },
        "value": "",
      },
      "messages": Array [],
    },
  },
  "lag": 0,
  "modes": Object {
    "available": Object {
      "channel": Array [],
      "user": Array [],
    },
    "user": Array [],
  },
  "name": "<unknown>",
  "user": Object {
    "nick": "default_nick",
    "real": "default_name",
    "user": "default_user",
  },
}
`;

exports[`reduce server state when it is me should handle RECEIVE_NICK 1`] = `
Object {
  "buffers": Object {
    "#channel": Object {
      "activity": false,
      "input": Object {
        "dirtyValue": "",
        "history": Object {
          "index": 0,
          "values": Array [],
        },
        "value": "",
      },
      "messages": Array [],
    },
    "@raw": Object {
      "activity": false,
      "input": Object {
        "dirtyValue": "",
        "history": Object {
          "index": 0,
          "values": Array [],
        },
        "value": "",
      },
      "messages": Array [],
    },
    "@status": Object {
      "activity": false,
      "input": Object {
        "dirtyValue": "",
        "history": Object {
          "index": 0,
          "values": Array [],
        },
        "value": "",
      },
      "messages": Array [],
    },
  },
  "lag": 0,
  "modes": Object {
    "available": Object {
      "channel": Array [],
      "user": Array [],
    },
    "user": Array [],
  },
  "name": "<unknown>",
  "user": Object {
    "nick": "new_nick",
    "real": "Realname",
    "user": "user",
  },
}
`;

exports[`reduce server state when it is me should handle RECEIVE_PART 1`] = `
Object {
  "buffers": Object {
    "@raw": Object {
      "activity": false,
      "input": Object {
        "dirtyValue": "",
        "history": Object {
          "index": 0,
          "values": Array [],
        },
        "value": "",
      },
      "messages": Array [],
    },
    "@status": Object {
      "activity": false,
      "input": Object {
        "dirtyValue": "",
        "history": Object {
          "index": 0,
          "values": Array [],
        },
        "value": "",
      },
      "messages": Array [],
    },
  },
  "lag": 0,
  "modes": Object {
    "available": Object {
      "channel": Array [],
      "user": Array [],
    },
    "user": Array [],
  },
  "name": "<unknown>",
  "user": Object {
    "nick": "me",
    "real": "Realname",
    "user": "user",
  },
}
`;

exports[`reduce server state when it is someone should handle RECEIVE_NICK 1`] = `
Object {
  "buffers": Object {
    "#channel": Object {
      "activity": false,
      "input": Object {
        "dirtyValue": "",
        "history": Object {
          "index": 0,
          "values": Array [],
        },
        "value": "",
      },
      "messages": Array [],
    },
    "@raw": Object {
      "activity": false,
      "input": Object {
        "dirtyValue": "",
        "history": Object {
          "index": 0,
          "values": Array [],
        },
        "value": "",
      },
      "messages": Array [],
    },
    "@status": Object {
      "activity": false,
      "input": Object {
        "dirtyValue": "",
        "history": Object {
          "index": 0,
          "values": Array [],
        },
        "value": "",
      },
      "messages": Array [],
    },
  },
  "lag": 0,
  "modes": Object {
    "available": Object {
      "channel": Array [],
      "user": Array [],
    },
    "user": Array [],
  },
  "name": "<unknown>",
  "user": Object {
    "nick": "me",
    "real": "Realname",
    "user": "user",
  },
}
`;

exports[`reduce server state when it is someone should handle RECEIVE_PART 1`] = `
Object {
  "buffers": Object {
    "#channel": Object {
      "activity": false,
      "input": Object {
        "dirtyValue": "",
        "history": Object {
          "index": 0,
          "values": Array [],
        },
        "value": "",
      },
      "messages": Array [
        "someone has left #channel (Goodbye!)",
      ],
    },
    "@raw": Object {
      "activity": false,
      "input": Object {
        "dirtyValue": "",
        "history": Object {
          "index": 0,
          "values": Array [],
        },
        "value": "",
      },
      "messages": Array [],
    },
    "@status": Object {
      "activity": false,
      "input": Object {
        "dirtyValue": "",
        "history": Object {
          "index": 0,
          "values": Array [],
        },
        "value": "",
      },
      "messages": Array [],
    },
  },
  "lag": 0,
  "modes": Object {
    "available": Object {
      "channel": Array [],
      "user": Array [],
    },
    "user": Array [],
  },
  "name": "<unknown>",
  "user": Object {
    "nick": "me",
    "real": "Realname",
    "user": "user",
  },
}
`;
