// Jest Snapshot v1, https://goo.gl/fbAQLP

exports[`select route state should select route 1`] = `
Object {
  "bufferKey": "@status",
  "serverKey": "serverKey",
}
`;
