// Jest Snapshot v1, https://goo.gl/fbAQLP

exports[`select messages state should select messages 1`] = `Array []`;
