// Jest Snapshot v1, https://goo.gl/fbAQLP

exports[`Navigation container should render correctly 1`] = `
ShallowWrapper {
  Symbol(enzyme.__root__): [Circular],
  Symbol(enzyme.__unrendered__): <Connect(Navigation) />,
  Symbol(enzyme.__renderer__): Object {
    "batchedUpdates": [Function],
    "getNode": [Function],
    "render": [Function],
    "simulateError": [Function],
    "simulateEvent": [Function],
    "unmount": [Function],
  },
  Symbol(enzyme.__node__): Object {
    "instance": null,
    "key": undefined,
    "nodeType": "class",
    "props": Object {
      "onWindowButtonClick": [Function],
      "servers": Object {
        "serverKey": Object {
          "buffers": Object {
            "@raw": Object {
              "activity": false,
              "input": Object {
                "dirtyValue": "",
                "history": Object {
                  "index": 0,
                  "values": Array [],
                },
                "value": "",
              },
              "messages": Array [],
            },
            "@status": Object {
              "activity": false,
              "input": Object {
                "dirtyValue": "",
                "history": Object {
                  "index": 0,
                  "values": Array [],
                },
                "value": "",
              },
              "messages": Array [],
            },
          },
          "lag": 0,
          "modes": Object {
            "available": Object {
              "channel": Array [],
              "user": Array [],
            },
            "user": Array [],
          },
          "name": "<unknown>",
          "user": Object {
            "nick": "default_nick",
            "real": "default_name",
            "user": "default_user",
          },
        },
      },
      "window": Object {
        "bufferKey": "@status",
        "serverKey": "serverKey",
      },
    },
    "ref": null,
    "rendered": null,
    "type": [Function],
  },
  Symbol(enzyme.__nodes__): Array [
    Object {
      "instance": null,
      "key": undefined,
      "nodeType": "class",
      "props": Object {
        "onWindowButtonClick": [Function],
        "servers": Object {
          "serverKey": Object {
            "buffers": Object {
              "@raw": Object {
                "activity": false,
                "input": Object {
                  "dirtyValue": "",
                  "history": Object {
                    "index": 0,
                    "values": Array [],
                  },
                  "value": "",
                },
                "messages": Array [],
              },
              "@status": Object {
                "activity": false,
                "input": Object {
                  "dirtyValue": "",
                  "history": Object {
                    "index": 0,
                    "values": Array [],
                  },
                  "value": "",
                },
                "messages": Array [],
              },
            },
            "lag": 0,
            "modes": Object {
              "available": Object {
                "channel": Array [],
                "user": Array [],
              },
              "user": Array [],
            },
            "name": "<unknown>",
            "user": Object {
              "nick": "default_nick",
              "real": "default_name",
              "user": "default_user",
            },
          },
        },
        "window": Object {
          "bufferKey": "@status",
          "serverKey": "serverKey",
        },
      },
      "ref": null,
      "rendered": null,
      "type": [Function],
    },
  ],
  Symbol(enzyme.__options__): Object {
    "adapter": ReactSixteenAdapter {
      "options": Object {
        "enableComponentDidUpdateOnSetState": true,
        "lifecycles": Object {
          "componentDidUpdate": Object {
            "onSetState": true,
          },
          "getDerivedStateFromProps": true,
          "getSnapshotBeforeUpdate": true,
          "setState": Object {
            "skipsComponentDidUpdateOnNullish": true,
          },
        },
      },
    },
    "attachTo": undefined,
    "context": Object {
      "store": Object {
        "dispatch": [Function],
        "getState": [Function],
        "replaceReducer": [Function],
        "subscribe": [Function],
        Symbol(observable): [Function],
      },
    },
    "hydrateIn": undefined,
  },
}
`;
