// Jest Snapshot v1, https://goo.gl/fbAQLP

exports[`reduce servers without state 1`] = `Object {}`;
