// Jest Snapshot v1, https://goo.gl/fbAQLP

exports[`select input value 1`] = `""`;
