// Jest Snapshot v1, https://goo.gl/fbAQLP

exports[`reduce input  1`] = `
Object {
  "dirtyValue": "",
  "history": Object {
    "index": 2,
    "values": Array [
      "/connect -n localhost",
      "/connect localhost",
    ],
  },
  "value": "",
}
`;
