// Jest Snapshot v1, https://goo.gl/fbAQLP

exports[`reduce input value by dispatching enter input value 1`] = `""`;

exports[`reduce input value by dispatching go back input history anywhere in the history 1`] = `"hello"`;

exports[`reduce input value by dispatching go back input history at the begin of history 1`] = `""`;

exports[`reduce input value by dispatching go forward input history anywhere in the history 1`] = `""`;

exports[`reduce input value by dispatching go forward input history at the end of history 1`] = `""`;

exports[`reduce input value by dispatching update input value 1`] = `"hello"`;
