// Jest Snapshot v1, https://goo.gl/fbAQLP

exports[`reduce server lag 1`] = `0`;
