// Jest Snapshot v1, https://goo.gl/fbAQLP

exports[`reduce modes 1`] = `Array []`;
